// Vitest Snapshot v1, https://vitest.dev/guide/snapshot.html

exports[`stack > Position of removed notification should not flick 1`] = `
NodeList [
  <div
    class="rc-notification-notice-wrapper"
    style="transform: translateY(16px); height: 0px;"
  >
    <div
      class="rc-notification-notice rc-notification-notice-closable"
    >
      <div
        class="rc-notification-notice-content"
      >
        <div
          class="context-content"
        >
          Test
        </div>
      </div>
      <a
        class="rc-notification-notice-close"
        tabindex="0"
      >
        x
      </a>
    </div>
  </div>,
  <div
    class="rc-notification-notice-wrapper"
  >
    <div
      class="rc-notification-notice rc-notification-notice-closable"
    >
      <div
        class="rc-notification-notice-content"
      >
        <div
          class="context-content"
        >
          Test
        </div>
      </div>
      <a
        class="rc-notification-notice-close"
        tabindex="0"
      >
        x
      </a>
    </div>
  </div>,
]
`;
